mode: set
gitea-cicd.apps.aws2-dev.ocp.14west.io/cicd/golang-redisapi/pkg/validator/validate.go:14.59,18.27 4 1
gitea-cicd.apps.aws2-dev.ocp.14west.io/cicd/golang-redisapi/pkg/validator/validate.go:26.2,26.12 1 1
gitea-cicd.apps.aws2-dev.ocp.14west.io/cicd/golang-redisapi/pkg/validator/validate.go:18.27,19.15 1 1
gitea-cicd.apps.aws2-dev.ocp.14west.io/cicd/golang-redisapi/pkg/validator/validate.go:19.15,22.4 2 1
gitea-cicd.apps.aws2-dev.ocp.14west.io/cicd/golang-redisapi/pkg/validator/validate.go:22.9,24.4 1 1
gitea-cicd.apps.aws2-dev.ocp.14west.io/cicd/golang-redisapi/pkg/validator/validate.go:32.50,42.26 2 1
gitea-cicd.apps.aws2-dev.ocp.14west.io/cicd/golang-redisapi/pkg/validator/validate.go:47.2,47.12 1 1
gitea-cicd.apps.aws2-dev.ocp.14west.io/cicd/golang-redisapi/pkg/validator/validate.go:42.26,43.54 1 1
gitea-cicd.apps.aws2-dev.ocp.14west.io/cicd/golang-redisapi/pkg/validator/validate.go:43.54,45.4 1 1
gitea-cicd.apps.aws2-dev.ocp.14west.io/cicd/golang-redisapi/pkg/handlers/handlers.go:21.110,28.14 6 1
gitea-cicd.apps.aws2-dev.ocp.14west.io/cicd/golang-redisapi/pkg/handlers/handlers.go:31.2,31.17 1 1
gitea-cicd.apps.aws2-dev.ocp.14west.io/cicd/golang-redisapi/pkg/handlers/handlers.go:35.2,35.32 1 1
gitea-cicd.apps.aws2-dev.ocp.14west.io/cicd/golang-redisapi/pkg/handlers/handlers.go:47.2,51.27 5 1
gitea-cicd.apps.aws2-dev.ocp.14west.io/cicd/golang-redisapi/pkg/handlers/handlers.go:28.14,30.3 1 1
gitea-cicd.apps.aws2-dev.ocp.14west.io/cicd/golang-redisapi/pkg/handlers/handlers.go:31.17,33.3 1 1
gitea-cicd.apps.aws2-dev.ocp.14west.io/cicd/golang-redisapi/pkg/handlers/handlers.go:35.32,37.3 1 1
gitea-cicd.apps.aws2-dev.ocp.14west.io/cicd/golang-redisapi/pkg/handlers/handlers.go:37.8,37.40 1 1
gitea-cicd.apps.aws2-dev.ocp.14west.io/cicd/golang-redisapi/pkg/handlers/handlers.go:37.40,39.17 2 1
gitea-cicd.apps.aws2-dev.ocp.14west.io/cicd/golang-redisapi/pkg/handlers/handlers.go:39.17,42.4 2 1
gitea-cicd.apps.aws2-dev.ocp.14west.io/cicd/golang-redisapi/pkg/handlers/handlers.go:42.9,45.4 2 1
gitea-cicd.apps.aws2-dev.ocp.14west.io/cicd/golang-redisapi/pkg/handlers/handlers.go:54.108,58.16 3 1
gitea-cicd.apps.aws2-dev.ocp.14west.io/cicd/golang-redisapi/pkg/handlers/handlers.go:62.2,65.42 4 1
gitea-cicd.apps.aws2-dev.ocp.14west.io/cicd/golang-redisapi/pkg/handlers/handlers.go:79.2,81.27 3 1
gitea-cicd.apps.aws2-dev.ocp.14west.io/cicd/golang-redisapi/pkg/handlers/handlers.go:58.16,61.3 2 1
gitea-cicd.apps.aws2-dev.ocp.14west.io/cicd/golang-redisapi/pkg/handlers/handlers.go:65.42,69.3 3 1
gitea-cicd.apps.aws2-dev.ocp.14west.io/cicd/golang-redisapi/pkg/handlers/handlers.go:69.8,71.17 2 1
gitea-cicd.apps.aws2-dev.ocp.14west.io/cicd/golang-redisapi/pkg/handlers/handlers.go:71.17,74.4 2 0
gitea-cicd.apps.aws2-dev.ocp.14west.io/cicd/golang-redisapi/pkg/handlers/handlers.go:74.9,77.4 2 1
gitea-cicd.apps.aws2-dev.ocp.14west.io/cicd/golang-redisapi/pkg/handlers/handlers.go:84.54,86.2 1 1
gitea-cicd.apps.aws2-dev.ocp.14west.io/cicd/golang-redisapi/pkg/handlers/handlers.go:89.57,95.2 4 1
